[INFO] === BAUX Manual Installation Started ===
[INFO] Current directory: /home/badlandz/src/RoxieOS
[INFO] User: badlandz
[INFO] Log file: /home/badlandz/src/RoxieOS/baux-manual-install-20251207-141920.log
[INFO] === Checking Privilege Requirements ===
[INFO] Running as regular user - checking doas availability
[INFO] ✓ doas is working correctly
[INFO] === Installing Prerequisites ===
[INFO] Updating package database...
pkg: Insufficient privileges to update the repository catalogue.
[INFO] pkg update failed, continuing...
[INFO] Installing required packages...
pkg: Insufficient privileges to install packages
[ERROR] Package installation failed
[INFO] === Checking Console Font Availability ===
[INFO] Console fonts are provided by base FreeBSD system (/usr/share/syscons/fonts/)
[INFO] ⚠ Specific TERMINAL fonts not found - checking for any console fonts
[INFO] Available console fonts:
/usr/share/syscons/fonts/armscii8-8x14.fnt
/usr/share/syscons/fonts/armscii8-8x16.fnt
/usr/share/syscons/fonts/armscii8-8x8.fnt
/usr/share/syscons/fonts/cp1251-8x14.fnt
/usr/share/syscons/fonts/cp1251-8x16.fnt
[INFO] ✓ Console fonts available (may not include all sizes needed for accessibility)
[INFO] ✓ All prerequisites verified
[INFO] === Verifying Console Font Management ===
[INFO] ✓ vidcontrol available for console font management
[INFO] Missing some console fonts: TERMINAL_16x32.fnt TERMINAL_12x24.fnt TERMINAL_8x16.fnt
[INFO] Installing additional console fonts for better accessibility...
pkg: Insufficient privileges to install packages
[INFO] Failed to install console-fonts, continuing with available fonts
[INFO] Some fonts still missing after installation: TERMINAL_16x32.fnt TERMINAL_12x24.fnt TERMINAL_8x16.fnt
[INFO] BAUX will work with available fonts
[INFO] === Installing bbase (Foundation) ===
DEBUG: About to check pwd
[INFO] Current working directory before cd: /home/badlandz/src/RoxieOS
DEBUG: pwd worked, about to check directory
[INFO] Checking if ports/bbase exists...
[INFO] ✓ ports/bbase directory exists
[INFO] Changing to ports/bbase...
[INFO] About to execute: cd ports/bbase
[INFO] cd command completed successfully
[INFO] Current pwd result: /home/badlandz/src/RoxieOS/ports/bbase
[INFO] Successfully changed to: /home/badlandz/src/RoxieOS/ports/bbase
[INFO] Checking for install.sh in /home/badlandz/src/RoxieOS/ports/bbase...
[INFO] Running install.sh...
[INFO] About to execute: run_privileged ./install.sh
Installing BAUX Base System (bbase)...
Current directory: /home/badlandz/src/RoxieOS/ports/bbase
Checking keymaps directory...
Found existing keymap directory: /usr/share/syscons/keymaps
Copying baux.kbd to /usr/share/syscons/keymaps/...
doas: Operation not permitted
ERROR: Failed to copy baux.kbd to /usr/share/syscons/keymaps
Check doas permissions and source file
-rw-r--r--  1 badlandz badlandz 7885 Dec  7 11:47 baux.kbd
[ERROR] bbase install.sh failed
[INFO] Check the log file: /home/badlandz/src/RoxieOS/baux-manual-install-20251207-141920.log
[INFO] Try running manually: cd ports/bbase && doas ./install.sh
